// Jest Snapshot v1, https://goo.gl/fbAQLP

exports[`Header renders correctly 1`] = `
<div
  className="container"
>
  <div>
    <span
      className="brand brand--bold"
    >
      netflix
    </span>
    <span
      className="brand"
    >
      roulette
    </span>
  </div>
  <button
    className="btn btn--lg btn--glass"
    onClick={[Function]}
    type="button"
  >
    + ADD MOVIE
  </button>
</div>
`;
