// Jest Snapshot v1, https://goo.gl/fbAQLP

exports[`HeaderBanner renders correctly 1`] = `
Array [
  <div
    className="image-frame"
  >
    <div
      className="bg-image"
    />
  </div>,
  <div
    className="container"
  >
    <div
      className="container"
    >
      <div>
        <span
          className="brand brand--bold"
        >
          netflix
        </span>
        <span
          className="brand"
        >
          roulette
        </span>
      </div>
      <button
        className="btn btn--lg btn--glass"
        onClick={[Function]}
        type="button"
      >
        + ADD MOVIE
      </button>
    </div>
    <h1
      className="heading"
    >
      FIND YOUR MOVIE
    </h1>
    <div
      className="container"
    >
      <form
        onSubmit={[Function]}
      >
        <input
          className="input"
          onChange={[Function]}
          placeholder="What do you want to watch?"
          required={true}
          value=""
        />
        <button
          className="btn btn--lg btn--primary"
          onClick={[Function]}
          type="submit"
        >
          SEARCH
        </button>
      </form>
    </div>
  </div>,
]
`;
