// Jest Snapshot v1, https://goo.gl/fbAQLP

exports[`Logo renders correctly 1`] = `
<div>
  <span
    className="brand brand--bold"
  >
    netflix
  </span>
  <span
    className="brand"
  >
    roulette
  </span>
</div>
`;
